Leyendo nonce actual desde chain... nonce=53
Iniciando 500 ciclos — start_nonce=53 rpc=https://api.cartridge.gg/x/starknet/sepolia
  [   1/500] nonce=53 3.722s  ok  tx=...
  [   2/500] nonce=54 3.261s  ok  tx=...
  [   3/500] nonce=55 3.465s  ok  tx=...
  [   4/500] nonce=56 2.662s  ok  tx=...
  [   5/500] nonce=57 4.285s  ok  tx=...
  [   6/500] nonce=58 3.273s  ok  tx=...
  [   7/500] nonce=59 3.670s  ok  tx=...
  [   8/500] nonce=60 3.486s  ok  tx=...
  [   9/500] nonce=61 4.288s  ok  tx=...
  [  10/500] nonce=62 2.108s  ok  tx=...
  [  11/500] nonce=63 2.003s  ok  tx=...
  [  12/500] nonce=64 ERROR: Command: multicall run
Error: Transaction execution error = TransactionExecutionErrorData { transaction_index: 0, execution_error: Message("Invalid transaction nonce of contract at address 0x077bd7696ed8573ee1f1d3aef662455d22f918e62de532d424134aaf24924192. Account nonce: 0x0000000000000000000000000000000000000000000000000000000000000210; got: 0x000000000000000000000000000000000000000000000000000000000000020f.") }
  [  13/500] nonce=65 3.206s  ok  tx=...
  [  14/500] nonce=66 3.568s  ok  tx=...
  [  15/500] nonce=67 3.493s  ok  tx=...
  [  16/500] nonce=68 3.076s  ok  tx=...
  [  17/500] nonce=69 3.053s  ok  tx=...
  [  18/500] nonce=70 2.238s  ok  tx=...
  [  19/500] nonce=71 2.495s  ok  tx=...
  [  20/500] nonce=72 2.305s  ok  tx=...
  [  21/500] nonce=73 2.560s  ok  tx=...
  [  22/500] nonce=74 3.064s  ok  tx=...
  [  23/500] nonce=75 3.282s  ok  tx=...
  [  24/500] nonce=76 3.024s  ok  tx=...
  [  25/500] nonce=77 2.897s  ok  tx=...
  [  26/500] nonce=78 3.468s  ok  tx=...
  [  27/500] nonce=79 ERROR: Command: multicall run
Error: Invalid transaction nonce
  [  28/500] nonce=80 4.091s  ok  tx=...
  [  29/500] nonce=81 3.119s  ok  tx=...
  [  30/500] nonce=82 3.270s  ok  tx=...
  [  31/500] nonce=83 2.961s  ok  tx=...
  [  32/500] nonce=84 3.396s  ok  tx=...
  [  33/500] nonce=85 3.836s  ok  tx=...
  [  34/500] nonce=86 3.503s  ok  tx=...
  [  35/500] nonce=87 3.066s  ok  tx=...
  [  36/500] nonce=88 3.427s  ok  tx=...
  [  37/500] nonce=89 3.732s  ok  tx=...
  [  38/500] nonce=90 ERROR: Command: multicall run
Error: Invalid transaction nonce
  [  39/500] nonce=91 3.098s  ok  tx=...
  [  40/500] nonce=92 3.678s  ok  tx=...
  [  41/500] nonce=93 3.933s  ok  tx=...
  [  42/500] nonce=94 3.310s  ok  tx=...
  [  43/500] nonce=95 3.381s  ok  tx=...
  [  44/500] nonce=96 3.675s  ok  tx=...
  [  45/500] nonce=97 3.288s  ok  tx=...
  [  46/500] nonce=98 3.259s  ok  tx=...
  [  47/500] nonce=99 3.198s  ok  tx=...
  [  48/500] nonce=100 3.958s  ok  tx=...
  [  49/500] nonce=101 3.057s  ok  tx=...
  [  50/500] nonce=102 2.875s  ok  tx=...
  [  51/500] nonce=103 3.273s  ok  tx=...
  [  52/500] nonce=104 3.740s  ok  tx=...
  [  53/500] nonce=105 3.407s  ok  tx=...
  [  54/500] nonce=106 3.272s  ok  tx=...
  [  55/500] nonce=107 2.795s  ok  tx=...
  [  56/500] nonce=108 ERROR: Command: multicall run
Error: Invalid transaction nonce
  [  57/500] nonce=109 7.317s  ok  tx=...
  [  58/500] nonce=110 3.708s  ok  tx=...
  [  59/500] nonce=111 3.484s  ok  tx=...
  [  60/500] nonce=112 3.264s  ok  tx=...
  [  61/500] nonce=113 3.013s  ok  tx=...
  [  62/500] nonce=114 2.943s  ok  tx=...
  [  63/500] nonce=115 2.637s  ok  tx=...
  [  64/500] nonce=116 2.849s  ok  tx=...
  [  65/500] nonce=117 5.319s  ok  tx=...
  [  66/500] nonce=118 3.478s  ok  tx=...
  [  67/500] nonce=119 ERROR: Command: multicall run
Error: Invalid transaction nonce
  [  68/500] nonce=120 3.468s  ok  tx=...
  [  69/500] nonce=121 3.329s  ok  tx=...
  [  70/500] nonce=122 3.063s  ok  tx=...
  [  71/500] nonce=123 4.506s  ok  tx=...
  [  72/500] nonce=124 3.881s  ok  tx=...
  [  73/500] nonce=125 3.475s  ok  tx=...
  [  74/500] nonce=126 3.885s  ok  tx=...
  [  75/500] nonce=127 3.682s  ok  tx=...
  [  76/500] nonce=128 ERROR: Command: multicall run
Error: Transaction execution error = TransactionExecutionErrorData { transaction_index: 0, execution_error: Message("Invalid transaction nonce of contract at address 0x077bd7696ed8573ee1f1d3aef662455d22f918e62de532d424134aaf24924192. Account nonce: 0x000000000000000000000000000000000000000000000000000000000000024b; got: 0x000000000000000000000000000000000000000000000000000000000000024a.") }
  [  77/500] nonce=129 3.118s  ok  tx=...
  [  78/500] nonce=130 4.088s  ok  tx=...
  [  79/500] nonce=131 3.682s  ok  tx=...
  [  80/500] nonce=132 ERROR: Command: multicall run
Error: Transaction execution error = TransactionExecutionErrorData { transaction_index: 0, execution_error: Message("Invalid transaction nonce of contract at address 0x077bd7696ed8573ee1f1d3aef662455d22f918e62de532d424134aaf24924192. Account nonce: 0x000000000000000000000000000000000000000000000000000000000000024e; got: 0x000000000000000000000000000000000000000000000000000000000000024d.") }
  [  81/500] nonce=133 3.978s  ok  tx=...
  [  82/500] nonce=134 3.262s  ok  tx=...
  [  83/500] nonce=135 3.690s  ok  tx=...
  [  84/500] nonce=136 3.277s  ok  tx=...
  [  85/500] nonce=137 3.798s  ok  tx=...
  [  86/500] nonce=138 3.009s  ok  tx=...
  [  87/500] nonce=139 3.812s  ok  tx=...
  [  88/500] nonce=140 3.172s  ok  tx=...
  [  89/500] nonce=141 2.354s  ok  tx=...
  [  90/500] nonce=142 2.192s  ok  tx=...
  [  91/500] nonce=143 3.114s  ok  tx=...
  [  92/500] nonce=144 3.681s  ok  tx=...
  [  93/500] nonce=145 3.267s  ok  tx=...
  [  94/500] nonce=146 5.527s  ok  tx=...
  [  95/500] nonce=147 5.114s  ok  tx=...
  [  96/500] nonce=148 3.682s  ok  tx=...
  [  97/500] nonce=149 4.037s  ok  tx=...
  [  98/500] nonce=150 4.343s  ok  tx=...
  [  99/500] nonce=151 4.693s  ok  tx=...
  [ 100/500] nonce=152 3.283s  ok  tx=...
  [ 101/500] nonce=153 3.269s  ok  tx=...
  [ 102/500] nonce=154 3.666s  ok  tx=...
  [ 103/500] nonce=155 3.274s  ok  tx=...
  [ 104/500] nonce=156 4.309s  ok  tx=...
  [ 105/500] nonce=157 3.264s  ok  tx=...
  [ 106/500] nonce=158 3.492s  ok  tx=...
  [ 107/500] nonce=159 3.463s  ok  tx=...
  [ 108/500] nonce=160 3.677s  ok  tx=...
  [ 109/500] nonce=161 ERROR: Command: multicall run
Error: Invalid transaction nonce
  [ 110/500] nonce=162 3.733s  ok  tx=...
  [ 111/500] nonce=163 3.266s  ok  tx=...
  [ 112/500] nonce=164 ERROR: Command: multicall run
Error: Transaction execution error = TransactionExecutionErrorData { transaction_index: 0, execution_error: Message("Invalid transaction nonce of contract at address 0x077bd7696ed8573ee1f1d3aef662455d22f918e62de532d424134aaf24924192. Account nonce: 0x000000000000000000000000000000000000000000000000000000000000026c; got: 0x000000000000000000000000000000000000000000000000000000000000026b.") }
  [ 113/500] nonce=165 3.383s  ok  tx=...
  [ 114/500] nonce=166 3.291s  ok  tx=...
  [ 115/500] nonce=167 2.860s  ok  tx=...
  [ 116/500] nonce=168 3.267s  ok  tx=...
  [ 117/500] nonce=169 3.674s  ok  tx=...
  [ 118/500] nonce=170 2.871s  ok  tx=...
  [ 119/500] nonce=171 3.663s  ok  tx=...
  [ 120/500] nonce=172 2.671s  ok  tx=...
  [ 121/500] nonce=173 2.081s  ok  tx=...
  [ 122/500] nonce=174 2.398s  ok  tx=...
  [ 123/500] nonce=175 3.076s  ok  tx=...
  [ 124/500] nonce=176 3.035s  ok  tx=...
  [ 125/500] nonce=177 2.396s  ok  tx=...
  [ 126/500] nonce=178 2.650s  ok  tx=...
  [ 127/500] nonce=179 3.172s  ok  tx=...
  [ 128/500] nonce=180 3.058s  ok  tx=...
  [ 129/500] nonce=181 3.680s  ok  tx=...
  [ 130/500] nonce=182 3.269s  ok  tx=...
  [ 131/500] nonce=183 3.070s  ok  tx=...
  [ 132/500] nonce=184 3.066s  ok  tx=...
  [ 133/500] nonce=185 3.266s  ok  tx=...
  [ 134/500] nonce=186 2.865s  ok  tx=...
  [ 135/500] nonce=187 3.273s  ok  tx=...
  [ 136/500] nonce=188 3.488s  ok  tx=...
  [ 137/500] nonce=189 3.363s  ok  tx=...
  [ 138/500] nonce=190 3.577s  ok  tx=...
  [ 139/500] nonce=191 ERROR: Command: multicall run
Error: Transaction execution error = TransactionExecutionErrorData { transaction_index: 0, execution_error: Message("Invalid transaction nonce of contract at address 0x077bd7696ed8573ee1f1d3aef662455d22f918e62de532d424134aaf24924192. Account nonce: 0x0000000000000000000000000000000000000000000000000000000000000286; got: 0x0000000000000000000000000000000000000000000000000000000000000285.") }
  [ 140/500] nonce=192 3.298s  ok  tx=...
  [ 141/500] nonce=193 2.882s  ok  tx=...
  [ 142/500] nonce=194 4.477s  ok  tx=...
  [ 143/500] nonce=195 3.270s  ok  tx=...
  [ 144/500] nonce=196 3.471s  ok  tx=...
  [ 145/500] nonce=197 3.275s  ok  tx=...
  [ 146/500] nonce=198 3.271s  ok  tx=...
  [ 147/500] nonce=199 3.690s  ok  tx=...
  [ 148/500] nonce=200 3.467s  ok  tx=...
  [ 149/500] nonce=201 3.071s  ok  tx=...
  [ 150/500] nonce=202 2.925s  ok  tx=...
  [ 151/500] nonce=203 2.052s  ok  tx=...
  [ 152/500] nonce=204 3.389s  ok  tx=...
  [ 153/500] nonce=205 3.419s  ok  tx=...
  [ 154/500] nonce=206 3.131s  ok  tx=...
  [ 155/500] nonce=207 2.659s  ok  tx=...
  [ 156/500] nonce=208 2.881s  ok  tx=...
  [ 157/500] nonce=209 2.426s  ok  tx=...
  [ 158/500] nonce=210 3.213s  ok  tx=...
  [ 159/500] nonce=211 4.164s  ok  tx=...
  [ 160/500] nonce=212 4.278s  ok  tx=...
  [ 161/500] nonce=213 3.759s  ok  tx=...
  [ 162/500] nonce=214 3.703s  ok  tx=...
  [ 163/500] nonce=215 3.379s  ok  tx=...
  [ 164/500] nonce=216 4.102s  ok  tx=...
  [ 165/500] nonce=217 3.668s  ok  tx=...
  [ 166/500] nonce=218 4.297s  ok  tx=...
  [ 167/500] nonce=219 3.272s  ok  tx=...
  [ 168/500] nonce=220 3.022s  ok  tx=...
  [ 169/500] nonce=221 2.681s  ok  tx=...
  [ 170/500] nonce=222 3.497s  ok  tx=...
  [ 171/500] nonce=223 ERROR: Command: multicall run
Error: Invalid transaction nonce
  [ 172/500] nonce=224 2.780s  ok  tx=...
  [ 173/500] nonce=225 3.479s  ok  tx=...
  [ 174/500] nonce=226 3.886s  ok  tx=...
  [ 175/500] nonce=227 2.654s  ok  tx=...
  [ 176/500] nonce=228 3.222s  ok  tx=...
  [ 177/500] nonce=229 3.733s  ok  tx=...
  [ 178/500] nonce=230 3.674s  ok  tx=...
  [ 179/500] nonce=231 2.994s  ok  tx=...
  [ 180/500] nonce=232 2.867s  ok  tx=...
  [ 181/500] nonce=233 3.338s  ok  tx=...
  [ 182/500] nonce=234 3.884s  ok  tx=...
  [ 183/500] nonce=235 3.278s  ok  tx=...
  [ 184/500] nonce=236 3.672s  ok  tx=...
  [ 185/500] nonce=237 3.063s  ok  tx=...
  [ 186/500] nonce=238 3.263s  ok  tx=...
  [ 187/500] nonce=239 3.437s  ok  tx=...
  [ 188/500] nonce=240 3.527s  ok  tx=...
  [ 189/500] nonce=241 3.204s  ok  tx=...
  [ 190/500] nonce=242 3.326s  ok  tx=...
  [ 191/500] nonce=243 3.268s  ok  tx=...
  [ 192/500] nonce=244 2.064s  ok  tx=...
  [ 193/500] nonce=245 3.366s  ok  tx=...
  [ 194/500] nonce=246 2.940s  ok  tx=...
  [ 195/500] nonce=247 3.896s  ok  tx=...
  [ 196/500] nonce=248 3.667s  ok  tx=...
  [ 197/500] nonce=249 4.090s  ok  tx=...
  [ 198/500] nonce=250 3.470s  ok  tx=...
  [ 199/500] nonce=251 3.678s  ok  tx=...
  [ 200/500] nonce=252 2.651s  ok  tx=...
  [ 201/500] nonce=253 2.451s  ok  tx=...
  [ 202/500] nonce=254 3.270s  ok  tx=...
  [ 203/500] nonce=255 3.684s  ok  tx=...
  [ 204/500] nonce=256 2.373s  ok  tx=...
  [ 205/500] nonce=257 2.166s  ok  tx=...
  [ 206/500] nonce=258 2.532s  ok  tx=...
  [ 207/500] nonce=259 2.303s  ok  tx=...
  [ 208/500] nonce=260 ERROR: Command: multicall run
Error: Invalid transaction nonce
  [ 209/500] nonce=261 3.940s  ok  tx=...
  [ 210/500] nonce=262 2.574s  ok  tx=...
  [ 211/500] nonce=263 2.658s  ok  tx=...
  [ 212/500] nonce=264 2.789s  ok  tx=...
  [ 213/500] nonce=265 ERROR: Command: multicall run
Error: Invalid transaction nonce
  [ 214/500] nonce=266 2.179s  ok  tx=...
  [ 215/500] nonce=267 ERROR: Command: multicall run
Error: Transaction execution error = TransactionExecutionErrorData { transaction_index: 0, execution_error: Message("Invalid transaction nonce of contract at address 0x077bd7696ed8573ee1f1d3aef662455d22f918e62de532d424134aaf24924192. Account nonce: 0x00000000000000000000000000000000000000000000000000000000000002ce; got: 0x00000000000000000000000000000000000000000000000000000000000002cd.") }
  [ 216/500] nonce=268 2.155s  ok  tx=...
  [ 217/500] nonce=269 ERROR: Command: multicall run
Error: Transaction execution error = TransactionExecutionErrorData { transaction_index: 0, execution_error: Message("Invalid transaction nonce of contract at address 0x077bd7696ed8573ee1f1d3aef662455d22f918e62de532d424134aaf24924192. Account nonce: 0x00000000000000000000000000000000000000000000000000000000000002cf; got: 0x00000000000000000000000000000000000000000000000000000000000002ce.") }
  [ 218/500] nonce=270 2.513s  ok  tx=...
  [ 219/500] nonce=271 3.083s  ok  tx=...
  [ 220/500] nonce=272 2.622s  ok  tx=...
  [ 221/500] nonce=273 2.463s  ok  tx=...
  [ 222/500] nonce=274 2.017s  ok  tx=...
  [ 223/500] nonce=275 1.999s  ok  tx=...
  [ 224/500] nonce=276 2.486s  ok  tx=...
  [ 225/500] nonce=277 3.359s  ok  tx=...
  [ 226/500] nonce=278 2.940s  ok  tx=...
  [ 227/500] nonce=279 3.078s  ok  tx=...
  [ 228/500] nonce=280 3.196s  ok  tx=...
  [ 229/500] nonce=281 3.255s  ok  tx=...
  [ 230/500] nonce=282 3.056s  ok  tx=...
  [ 231/500] nonce=283 3.986s  ok  tx=...
  [ 232/500] nonce=284 3.180s  ok  tx=...
  [ 233/500] nonce=285 2.662s  ok  tx=...
  [ 234/500] nonce=286 3.067s  ok  tx=...
  [ 235/500] nonce=287 ERROR: Command: multicall run
Error: Transaction execution error = TransactionExecutionErrorData { transaction_index: 0, execution_error: Message("Invalid transaction nonce of contract at address 0x077bd7696ed8573ee1f1d3aef662455d22f918e62de532d424134aaf24924192. Account nonce: 0x00000000000000000000000000000000000000000000000000000000000002e0; got: 0x00000000000000000000000000000000000000000000000000000000000002df.") }
  [ 236/500] nonce=288 2.916s  ok  tx=...
  [ 237/500] nonce=289 3.063s  ok  tx=...
  [ 238/500] nonce=290 3.087s  ok  tx=...
  [ 239/500] nonce=291 3.205s  ok  tx=...
  [ 240/500] nonce=292 2.296s  ok  tx=...
  [ 241/500] nonce=293 1.963s  ok  tx=...
  [ 242/500] nonce=294 2.232s  ok  tx=...
  [ 243/500] nonce=295 2.630s  ok  tx=...
  [ 244/500] nonce=296 2.948s  ok  tx=...
  [ 245/500] nonce=297 3.478s  ok  tx=...
  [ 246/500] nonce=298 3.689s  ok  tx=...
  [ 247/500] nonce=299 3.462s  ok  tx=...
  [ 248/500] nonce=300 2.650s  ok  tx=...
  [ 249/500] nonce=301 2.477s  ok  tx=...
  [ 250/500] nonce=302 1.980s  ok  tx=...
  [ 251/500] nonce=303 2.320s  ok  tx=...
  [ 252/500] nonce=304 2.494s  ok  tx=...
  [ 253/500] nonce=305 ERROR: Command: multicall run
Error: Transaction execution error = TransactionExecutionErrorData { transaction_index: 0, execution_error: Message("Invalid transaction nonce of contract at address 0x077bd7696ed8573ee1f1d3aef662455d22f918e62de532d424134aaf24924192. Account nonce: 0x00000000000000000000000000000000000000000000000000000000000002f1; got: 0x00000000000000000000000000000000000000000000000000000000000002f0.") }
  [ 254/500] nonce=306 2.537s  ok  tx=...
  [ 255/500] nonce=307 4.033s  ok  tx=...
  [ 256/500] nonce=308 3.025s  ok  tx=...
  [ 257/500] nonce=309 ERROR: Command: multicall run
Error: Transaction execution error = TransactionExecutionErrorData { transaction_index: 0, execution_error: Message("Invalid transaction nonce of contract at address 0x077bd7696ed8573ee1f1d3aef662455d22f918e62de532d424134aaf24924192. Account nonce: 0x00000000000000000000000000000000000000000000000000000000000002f4; got: 0x00000000000000000000000000000000000000000000000000000000000002f3.") }
  [ 258/500] nonce=310 2.910s  ok  tx=...
  [ 259/500] nonce=311 3.422s  ok  tx=...
  [ 260/500] nonce=312 3.005s  ok  tx=...
  [ 261/500] nonce=313 3.379s  ok  tx=...
  [ 262/500] nonce=314 3.279s  ok  tx=...
  [ 263/500] nonce=315 3.470s  ok  tx=...
  [ 264/500] nonce=316 3.687s  ok  tx=...
  [ 265/500] nonce=317 2.655s  ok  tx=...
  [ 266/500] nonce=318 3.472s  ok  tx=...
  [ 267/500] nonce=319 ERROR: Command: multicall run
Error: Invalid transaction nonce
  [ 268/500] nonce=320 2.197s  ok  tx=...
  [ 269/500] nonce=321 3.178s  ok  tx=...
  [ 270/500] nonce=322 2.219s  ok  tx=...
  [ 271/500] nonce=323 4.236s  ok  tx=...
  [ 272/500] nonce=324 3.558s  ok  tx=...
  [ 273/500] nonce=325 3.069s  ok  tx=...
  [ 274/500] nonce=326 2.985s  ok  tx=...
  [ 275/500] nonce=327 3.464s  ok  tx=...
  [ 276/500] nonce=328 2.619s  ok  tx=...
  [ 277/500] nonce=329 3.725s  ok  tx=...
  [ 278/500] nonce=330 3.171s  ok  tx=...
  [ 279/500] nonce=331 3.558s  ok  tx=...
  [ 280/500] nonce=332 2.975s  ok  tx=...
  [ 281/500] nonce=333 2.186s  ok  tx=...
  [ 282/500] nonce=334 2.823s  ok  tx=...
  [ 283/500] nonce=335 3.880s  ok  tx=...
  [ 284/500] nonce=336 3.847s  ok  tx=...
  [ 285/500] nonce=337 2.992s  ok  tx=...
  [ 286/500] nonce=338 3.576s  ok  tx=...
  [ 287/500] nonce=339 3.233s  ok  tx=...
  [ 288/500] nonce=340 3.501s  ok  tx=...
  [ 289/500] nonce=341 2.656s  ok  tx=...
  [ 290/500] nonce=342 3.581s  ok  tx=...
  [ 291/500] nonce=343 ERROR: Command: multicall run
Error: Invalid transaction nonce
  [ 292/500] nonce=344 2.316s  ok  tx=...
  [ 293/500] nonce=345 4.033s  ok  tx=...
  [ 294/500] nonce=346 3.071s  ok  tx=...
  [ 295/500] nonce=347 3.425s  ok  tx=...
  [ 296/500] nonce=348 3.514s  ok  tx=...
  [ 297/500] nonce=349 3.474s  ok  tx=...
  [ 298/500] nonce=350 3.679s  ok  tx=...
  [ 299/500] nonce=351 2.987s  ok  tx=...
  [ 300/500] nonce=352 2.712s  ok  tx=...
  [ 301/500] nonce=353 2.760s  ok  tx=...
  [ 302/500] nonce=354 2.697s  ok  tx=...
  [ 303/500] nonce=355 4.783s  ok  tx=...
  [ 304/500] nonce=356 3.685s  ok  tx=...
  [ 305/500] nonce=357 3.268s  ok  tx=...
  [ 306/500] nonce=358 3.290s  ok  tx=...
  [ 307/500] nonce=359 2.138s  ok  tx=...
  [ 308/500] nonce=360 1.984s  ok  tx=...
  [ 309/500] nonce=361 2.514s  ok  tx=...
  [ 310/500] nonce=362 2.436s  ok  tx=...
  [ 311/500] nonce=363 ERROR: Command: multicall run
Error: Invalid transaction nonce
  [ 312/500] nonce=364 2.813s  ok  tx=...
  [ 313/500] nonce=365 2.176s  ok  tx=...
  [ 314/500] nonce=366 1.972s  ok  tx=...
  [ 315/500] nonce=367 2.505s  ok  tx=...
  [ 316/500] nonce=368 3.688s  ok  tx=...
  [ 317/500] nonce=369 3.454s  ok  tx=...
  [ 318/500] nonce=370 2.885s  ok  tx=...
  [ 319/500] nonce=371 3.467s  ok  tx=...
  [ 320/500] nonce=372 3.567s  ok  tx=...
  [ 321/500] nonce=373 3.389s  ok  tx=...
  [ 322/500] nonce=374 3.072s  ok  tx=...
  [ 323/500] nonce=375 ERROR: Command: multicall run
Error: Transaction execution error = TransactionExecutionErrorData { transaction_index: 0, execution_error: Message("Invalid transaction nonce of contract at address 0x077bd7696ed8573ee1f1d3aef662455d22f918e62de532d424134aaf24924192. Account nonce: 0x0000000000000000000000000000000000000000000000000000000000000332; got: 0x0000000000000000000000000000000000000000000000000000000000000331.") }
  [ 324/500] nonce=376 3.732s  ok  tx=...
  [ 325/500] nonce=377 3.685s  ok  tx=...
  [ 326/500] nonce=378 2.673s  ok  tx=...
  [ 327/500] nonce=379 ERROR: Command: multicall run
Error: Invalid transaction nonce
  [ 328/500] nonce=380 3.539s  ok  tx=...
  [ 329/500] nonce=381 4.167s  ok  tx=...
  [ 330/500] nonce=382 3.593s  ok  tx=...
  [ 331/500] nonce=383 3.568s  ok  tx=...
  [ 332/500] nonce=384 3.994s  ok  tx=...
  [ 333/500] nonce=385 3.082s  ok  tx=...
  [ 334/500] nonce=386 3.140s  ok  tx=...
  [ 335/500] nonce=387 3.184s  ok  tx=...
  [ 336/500] nonce=388 3.401s  ok  tx=...
  [ 337/500] nonce=389 3.284s  ok  tx=...
  [ 338/500] nonce=390 3.122s  ok  tx=...
  [ 339/500] nonce=391 2.979s  ok  tx=...
  [ 340/500] nonce=392 2.973s  ok  tx=...
  [ 341/500] nonce=393 2.724s  ok  tx=...
  [ 342/500] nonce=394 3.708s  ok  tx=...
  [ 343/500] nonce=395 3.164s  ok  tx=...
  [ 344/500] nonce=396 ERROR: Command: multicall run
Error: Invalid transaction nonce
  [ 345/500] nonce=397 3.318s  ok  tx=...
  [ 346/500] nonce=398 2.662s  ok  tx=...
  [ 347/500] nonce=399 2.855s  ok  tx=...
  [ 348/500] nonce=400 2.874s  ok  tx=...
  [ 349/500] nonce=401 3.058s  ok  tx=...
  [ 350/500] nonce=402 3.474s  ok  tx=...
  [ 351/500] nonce=403 3.066s  ok  tx=...
  [ 352/500] nonce=404 ERROR: Command: multicall run
Error: Invalid transaction nonce
  [ 353/500] nonce=405 3.357s  ok  tx=...
  [ 354/500] nonce=406 2.796s  ok  tx=...
  [ 355/500] nonce=407 ERROR: Command: multicall run
Error: Invalid transaction nonce
  [ 356/500] nonce=408 2.251s  ok  tx=...
  [ 357/500] nonce=409 2.832s  ok  tx=...
  [ 358/500] nonce=410 2.793s  ok  tx=...
  [ 359/500] nonce=411 ERROR: Command: multicall run
Error: Invalid transaction nonce
  [ 360/500] nonce=412 2.506s  ok  tx=...
  [ 361/500] nonce=413 2.598s  ok  tx=...
  [ 362/500] nonce=414 3.438s  ok  tx=...
  [ 363/500] nonce=415 3.540s  ok  tx=...
  [ 364/500] nonce=416 2.580s  ok  tx=...
  [ 365/500] nonce=417 ERROR: Command: multicall run
Error: Transaction execution error = TransactionExecutionErrorData { transaction_index: 0, execution_error: Message("Invalid transaction nonce of contract at address 0x077bd7696ed8573ee1f1d3aef662455d22f918e62de532d424134aaf24924192. Account nonce: 0x0000000000000000000000000000000000000000000000000000000000000356; got: 0x0000000000000000000000000000000000000000000000000000000000000355.") }
  [ 366/500] nonce=418 2.743s  ok  tx=...
  [ 367/500] nonce=419 ERROR: Command: multicall run
Error: Transaction execution error = TransactionExecutionErrorData { transaction_index: 0, execution_error: Message("Invalid transaction nonce of contract at address 0x077bd7696ed8573ee1f1d3aef662455d22f918e62de532d424134aaf24924192. Account nonce: 0x0000000000000000000000000000000000000000000000000000000000000357; got: 0x0000000000000000000000000000000000000000000000000000000000000356.") }
  [ 368/500] nonce=420 2.222s  ok  tx=...
  [ 369/500] nonce=421 2.663s  ok  tx=...
  [ 370/500] nonce=422 3.372s  ok  tx=...
  [ 371/500] nonce=423 3.677s  ok  tx=...
  [ 372/500] nonce=424 3.158s  ok  tx=...
  [ 373/500] nonce=425 3.589s  ok  tx=...
  [ 374/500] nonce=426 3.666s  ok  tx=...
  [ 375/500] nonce=427 2.875s  ok  tx=...
  [ 376/500] nonce=428 3.476s  ok  tx=...
  [ 377/500] nonce=429 3.012s  ok  tx=...
  [ 378/500] nonce=430 2.583s  ok  tx=...
  [ 379/500] nonce=431 2.687s  ok  tx=...
  [ 380/500] nonce=432 2.559s  ok  tx=...
  [ 381/500] nonce=433 3.673s  ok  tx=...
  [ 382/500] nonce=434 4.294s  ok  tx=...
  [ 383/500] nonce=435 3.068s  ok  tx=...
  [ 384/500] nonce=436 3.277s  ok  tx=...
  [ 385/500] nonce=437 3.051s  ok  tx=...
  [ 386/500] nonce=438 3.614s  ok  tx=...
  [ 387/500] nonce=439 3.443s  ok  tx=...
  [ 388/500] nonce=440 3.326s  ok  tx=...
  [ 389/500] nonce=441 3.317s  ok  tx=...
  [ 390/500] nonce=442 3.677s  ok  tx=...
  [ 391/500] nonce=443 2.991s  ok  tx=...
  [ 392/500] nonce=444 3.348s  ok  tx=...
  [ 393/500] nonce=445 3.414s  ok  tx=...
  [ 394/500] nonce=446 3.537s  ok  tx=...
  [ 395/500] nonce=447 2.691s  ok  tx=...
  [ 396/500] nonce=448 ERROR: Command: multicall run
Error: Invalid transaction nonce
  [ 397/500] nonce=449 2.539s  ok  tx=...
  [ 398/500] nonce=450 3.736s  ok  tx=...
  [ 399/500] nonce=451 3.704s  ok  tx=...
  [ 400/500] nonce=452 2.851s  ok  tx=...
  [ 401/500] nonce=453 ERROR: Command: multicall run
Error: Transaction execution error = TransactionExecutionErrorData { transaction_index: 0, execution_error: Message("Invalid transaction nonce of contract at address 0x077bd7696ed8573ee1f1d3aef662455d22f918e62de532d424134aaf24924192. Account nonce: 0x0000000000000000000000000000000000000000000000000000000000000377; got: 0x0000000000000000000000000000000000000000000000000000000000000376.") }
  [ 402/500] nonce=454 3.943s  ok  tx=...
  [ 403/500] nonce=455 3.471s  ok  tx=...
  [ 404/500] nonce=456 3.488s  ok  tx=...
  [ 405/500] nonce=457 3.876s  ok  tx=...
  [ 406/500] nonce=458 2.864s  ok  tx=...
  [ 407/500] nonce=459 ERROR: Command: multicall run
Error: Invalid transaction nonce
  [ 408/500] nonce=460 3.601s  ok  tx=...
  [ 409/500] nonce=461 3.209s  ok  tx=...
  [ 410/500] nonce=462 3.661s  ok  tx=...
  [ 411/500] nonce=463 3.474s  ok  tx=...
  [ 412/500] nonce=464 3.472s  ok  tx=...
  [ 413/500] nonce=465 3.890s  ok  tx=...
  [ 414/500] nonce=466 3.873s  ok  tx=...
  [ 415/500] nonce=467 3.999s  ok  tx=...
  [ 416/500] nonce=468 4.200s  ok  tx=...
  [ 417/500] nonce=469 ERROR: Command: multicall run
Error: Invalid transaction nonce
  [ 418/500] nonce=470 2.693s  ok  tx=...
  [ 419/500] nonce=471 3.046s  ok  tx=...
  [ 420/500] nonce=472 3.823s  ok  tx=...
  [ 421/500] nonce=473 ERROR: Command: multicall run
Error: Invalid transaction nonce
  [ 422/500] nonce=474 2.283s  ok  tx=...
  [ 423/500] nonce=475 ERROR: Command: multicall run
Error: Invalid transaction nonce
  [ 424/500] nonce=476 2.825s  ok  tx=...
  [ 425/500] nonce=477 3.211s  ok  tx=...
  [ 426/500] nonce=478 3.250s  ok  tx=...
  [ 427/500] nonce=479 3.477s  ok  tx=...
  [ 428/500] nonce=480 3.576s  ok  tx=...
  [ 429/500] nonce=481 3.683s  ok  tx=...
  [ 430/500] nonce=482 3.578s  ok  tx=...
  [ 431/500] nonce=483 3.904s  ok  tx=...
  [ 432/500] nonce=484 3.880s  ok  tx=...
  [ 433/500] nonce=485 2.744s  ok  tx=...
  [ 434/500] nonce=486 3.784s  ok  tx=...
  [ 435/500] nonce=487 3.473s  ok  tx=...
  [ 436/500] nonce=488 3.682s  ok  tx=...
  [ 437/500] nonce=489 3.078s  ok  tx=...
  [ 438/500] nonce=490 ERROR: Command: multicall run
Error: Transaction execution error = TransactionExecutionErrorData { transaction_index: 0, execution_error: Message("Invalid transaction nonce of contract at address 0x077bd7696ed8573ee1f1d3aef662455d22f918e62de532d424134aaf24924192. Account nonce: 0x0000000000000000000000000000000000000000000000000000000000000397; got: 0x0000000000000000000000000000000000000000000000000000000000000396.") }
  [ 439/500] nonce=491 7.957s  ok  tx=...
  [ 440/500] nonce=492 3.242s  ok  tx=...
  [ 441/500] nonce=493 3.491s  ok  tx=...
  [ 442/500] nonce=494 3.903s  ok  tx=...
  [ 443/500] nonce=495 3.654s  ok  tx=...
  [ 444/500] nonce=496 3.271s  ok  tx=...
  [ 445/500] nonce=497 3.690s  ok  tx=...
  [ 446/500] nonce=498 3.261s  ok  tx=...
  [ 447/500] nonce=499 ERROR: Command: multicall run
Error: Invalid transaction nonce
  [ 448/500] nonce=500 2.902s  ok  tx=...
  [ 449/500] nonce=501 2.073s  ok  tx=...
  [ 450/500] nonce=502 ERROR: Command: multicall run
Error: Invalid transaction nonce
  [ 451/500] nonce=503 5.075s  ok  tx=...
  [ 452/500] nonce=504 2.829s  ok  tx=...
  [ 453/500] nonce=505 2.593s  ok  tx=...
  [ 454/500] nonce=506 3.272s  ok  tx=...
  [ 455/500] nonce=507 3.261s  ok  tx=...
  [ 456/500] nonce=508 3.381s  ok  tx=...
  [ 457/500] nonce=509 3.067s  ok  tx=...
  [ 458/500] nonce=510 2.851s  ok  tx=...
  [ 459/500] nonce=511 2.254s  ok  tx=...
  [ 460/500] nonce=512 ERROR: Command: multicall run
Error: Invalid transaction nonce
  [ 461/500] nonce=513 3.730s  ok  tx=...
  [ 462/500] nonce=514 3.073s  ok  tx=...
  [ 463/500] nonce=515 3.886s  ok  tx=...
  [ 464/500] nonce=516 2.861s  ok  tx=...
  [ 465/500] nonce=517 ERROR: Command: multicall run
Error: Invalid transaction nonce
  [ 466/500] nonce=518 3.083s  ok  tx=...
  [ 467/500] nonce=519 3.487s  ok  tx=...
  [ 468/500] nonce=520 2.462s  ok  tx=...
  [ 469/500] nonce=521 2.462s  ok  tx=...
  [ 470/500] nonce=522 3.339s  ok  tx=...
  [ 471/500] nonce=523 2.991s  ok  tx=...
  [ 472/500] nonce=524 2.868s  ok  tx=...
  [ 473/500] nonce=525 3.268s  ok  tx=...
  [ 474/500] nonce=526 3.471s  ok  tx=...
  [ 475/500] nonce=527 3.653s  ok  tx=...
  [ 476/500] nonce=528 3.196s  ok  tx=...
  [ 477/500] nonce=529 2.762s  ok  tx=...
  [ 478/500] nonce=530 3.683s  ok  tx=...
  [ 479/500] nonce=531 3.471s  ok  tx=...
  [ 480/500] nonce=532 3.682s  ok  tx=...
  [ 481/500] nonce=533 2.860s  ok  tx=...
  [ 482/500] nonce=534 4.092s  ok  tx=...
  [ 483/500] nonce=535 3.878s  ok  tx=...
  [ 484/500] nonce=536 3.067s  ok  tx=...
  [ 485/500] nonce=537 3.572s  ok  tx=...
  [ 486/500] nonce=538 3.109s  ok  tx=...
  [ 487/500] nonce=539 2.288s  ok  tx=...
  [ 488/500] nonce=540 2.886s  ok  tx=...
  [ 489/500] nonce=541 2.855s  ok  tx=...
  [ 490/500] nonce=542 3.180s  ok  tx=...
  [ 491/500] nonce=543 3.158s  ok  tx=...
  [ 492/500] nonce=544 ERROR: Command: multicall run
Error: Invalid transaction nonce
  [ 493/500] nonce=545 2.261s  ok  tx=...
  [ 494/500] nonce=546 3.089s  ok  tx=...
  [ 495/500] nonce=547 3.060s  ok  tx=...
  [ 496/500] nonce=548 3.680s  ok  tx=...
  [ 497/500] nonce=549 3.475s  ok  tx=...
  [ 498/500] nonce=550 4.229s  ok  tx=...
  [ 499/500] nonce=551 2.726s  ok  tx=...
  [ 500/500] nonce=552 3.189s  ok  tx=...

=== Resultados: 459/500 ciclos exitosos, 41 errores ===
  p50:      3268 ms  (criterio ≤ 2000 ms: FAIL)
  p95:      4093 ms  (criterio ≤ 5000 ms: PASS)
  p99:      5091 ms
  min:      1963 ms
  max:      7957 ms
  mean:     3248 ms
