/home/cactussediento/.local/lib/python3.12/site-packages/asgiref/sync.py:372: IncompatibleRPCVersionWarning: RPC node with the url https://api.cartridge.gg/x/starknet/sepolia uses incompatible version 0.9.0. Expected version: 0.10.2
  result = await awaitable
RPC: https://api.cartridge.gg/x/starknet/sepolia
RPC spec_version: 0.9.0
Nonce tag usado: pre_confirmed
Usable signal preferido: starknet_getTransactionStatus.execution_status=SUCCEEDED; fallback: starknet_getTransactionReceipt.execution_status=SUCCEEDED; si no aparece antes, ACCEPTED_ON_L2.
VRF server: http://localhost:3001
Benchmark: 0x002f32e302a63cc7a181563819c5933bfc402bcf87c42c945183235a7269e79b
VRF provider: 0x062550dc48d58ab49e84176c7bbd255c8a0d457bb08bec93eabe76c8549e4291
Account: 0x077bd7696ed8573ee1f1d3aef662455d22f918e62de532d424134aaf24924192
Start tx_nonce=1002 vrf_nonce=80
Raw output: benchmarks/rpc-preconfirm-20260829-204104.jsonl
Persistencia: JSONL, una línea por intento, flush + fsync tras cada ciclo.

[attempt 001] valid=001/200 vrf_nonce=80 tx_nonce=1002 hash=0x1420bb...3d9ff4 submit=484ms readable=484ms accepted=- OK
[attempt 002] valid=002/200 vrf_nonce=81 tx_nonce=1003 hash=0x7b68c2...08c8de submit=447ms readable=1708ms accepted=- OK
[attempt 003] valid=003/200 vrf_nonce=82 tx_nonce=1004 hash=0x7f0d28...5ebc5f submit=433ms readable=433ms accepted=- OK
[attempt 004] valid=004/200 vrf_nonce=83 tx_nonce=1005 hash=0x613fc9...06bdcc submit=396ms readable=396ms accepted=- OK
[attempt 005] valid=005/200 vrf_nonce=84 tx_nonce=1006 hash=0x95c1e9...38e3fe submit=429ms readable=429ms accepted=- OK
[attempt 006] valid=006/200 vrf_nonce=85 tx_nonce=1007 hash=0x6690f5...70dc6b submit=838ms readable=838ms accepted=- OK
[attempt 007] valid=007/200 vrf_nonce=86 tx_nonce=1008 hash=0x49898d...38fa76 submit=758ms readable=758ms accepted=- OK
[attempt 008] valid=008/200 vrf_nonce=87 tx_nonce=1009 hash=0x3efd4e...44eaac submit=736ms readable=736ms accepted=- OK
[attempt 009] valid=009/200 vrf_nonce=88 tx_nonce=1010 hash=0x5d28f7...4adbcf submit=522ms readable=1695ms accepted=- OK
[attempt 010] valid=010/200 vrf_nonce=89 tx_nonce=1011 hash=0x55d72e...04b217 submit=542ms readable=542ms accepted=- OK
[attempt 011] valid=011/200 vrf_nonce=90 tx_nonce=1012 hash=0x6ac71b...c816e1 submit=646ms readable=646ms accepted=- OK
[attempt 012] valid=012/200 vrf_nonce=91 tx_nonce=1013 hash=0x38c770...76481c submit=413ms readable=413ms accepted=- OK
[attempt 013] valid=013/200 vrf_nonce=92 tx_nonce=1014 hash=0x2a67b9...bd1eec submit=487ms readable=2194ms accepted=- OK
[attempt 014] valid=014/200 vrf_nonce=93 tx_nonce=1015 hash=0x32d40e...a8d67f submit=1038ms readable=2934ms accepted=- OK
[attempt 015] valid=015/200 vrf_nonce=94 tx_nonce=1016 hash=0x125aee...6d7f31 submit=793ms readable=793ms accepted=- OK
[attempt 016] valid=016/200 vrf_nonce=95 tx_nonce=1017 hash=0x3fcbfa...946c00 submit=418ms readable=1592ms accepted=- OK
[attempt 017] valid=017/200 vrf_nonce=96 tx_nonce=1018 hash=0x4d58eb...59f2a6 submit=451ms readable=1835ms accepted=- OK
[attempt 018] valid=018/200 vrf_nonce=97 tx_nonce=1019 hash=0x259d2c...cb056f submit=429ms readable=1557ms accepted=- OK
[attempt 019] valid=019/200 vrf_nonce=98 tx_nonce=1020 hash=0x4a898c...66ff51 submit=1214ms readable=1214ms accepted=- OK
[attempt 020] valid=020/200 vrf_nonce=99 tx_nonce=1021 hash=0x55dd2a...936df3 submit=425ms readable=1709ms accepted=- OK
[attempt 021] valid=021/200 vrf_nonce=100 tx_nonce=1022 hash=0x74d67d...805a25 submit=447ms readable=447ms accepted=- OK
[attempt 022] valid=022/200 vrf_nonce=101 tx_nonce=1023 hash=0xaa2f90...f0c40d submit=444ms readable=2690ms accepted=- OK
[attempt 023] valid=023/200 vrf_nonce=102 tx_nonce=1024 hash=0x6ce76f...387b12 submit=508ms readable=1740ms accepted=- OK
[attempt 024] valid=024/200 vrf_nonce=103 tx_nonce=1025 hash=0x437661...766627 submit=931ms readable=931ms accepted=- OK
[attempt 025] valid=025/200 vrf_nonce=104 tx_nonce=1026 hash=0x698419...a6809f submit=524ms readable=1672ms accepted=- OK
[attempt 026] valid=026/200 vrf_nonce=105 tx_nonce=1027 hash=0x62d023...1ca935 submit=469ms readable=1535ms accepted=- OK
[attempt 027] valid=027/200 vrf_nonce=106 tx_nonce=1028 hash=0x7db719...8a085f submit=609ms readable=1767ms accepted=- OK
[attempt 028] valid=028/200 vrf_nonce=107 tx_nonce=1029 hash=0x409d08...cf7470 submit=412ms readable=1633ms accepted=- OK
[attempt 029] valid=029/200 vrf_nonce=108 tx_nonce=1030 hash=0x1aa7b0...14df5d submit=410ms readable=410ms accepted=- OK
[attempt 030] valid=030/200 vrf_nonce=109 tx_nonce=1031 hash=0x29ca77...76a190 submit=478ms readable=478ms accepted=- OK
[attempt 031] valid=031/200 vrf_nonce=110 tx_nonce=1032 hash=0x1f25d2...a698e0 submit=1097ms readable=1098ms accepted=- OK
[attempt 032] valid=032/200 vrf_nonce=111 tx_nonce=1033 hash=0x5a4836...731df1 submit=792ms readable=2476ms accepted=- OK
[attempt 033] valid=033/200 vrf_nonce=112 tx_nonce=1034 hash=0x4a6030...4f19a0 submit=471ms readable=1666ms accepted=- OK
[attempt 034] valid=034/200 vrf_nonce=113 tx_nonce=1035 hash=0x320c59...be5134 submit=426ms readable=426ms accepted=- OK
[attempt 035] valid=035/200 vrf_nonce=114 tx_nonce=1036 hash=0x76b8e9...3d8310 submit=628ms readable=628ms accepted=- OK
[attempt 036] valid=036/200 vrf_nonce=115 tx_nonce=1037 hash=0x3a4179...972643 submit=422ms readable=1923ms accepted=- OK
[attempt 037] valid=037/200 vrf_nonce=116 tx_nonce=1038 hash=0x52b460...fa93db submit=774ms readable=774ms accepted=- OK
[attempt 038] valid=038/200 vrf_nonce=117 tx_nonce=1039 hash=0x6343ad...a9ca8d submit=423ms readable=423ms accepted=- OK
[attempt 039] valid=039/200 vrf_nonce=118 tx_nonce=1040 hash=0x7d4486...185aec submit=508ms readable=3200ms accepted=- OK
[attempt 040] valid=040/200 vrf_nonce=119 tx_nonce=1041 hash=0x34b670...40464a submit=433ms readable=1640ms accepted=- OK
[attempt 041] valid=041/200 vrf_nonce=120 tx_nonce=1042 hash=0x25edb3...eb1712 submit=405ms readable=2766ms accepted=- OK
[attempt 042] valid=042/200 vrf_nonce=121 tx_nonce=1043 hash=0x1750a3...e03c44 submit=391ms readable=2843ms accepted=- OK
[attempt 043] valid=043/200 vrf_nonce=122 tx_nonce=1044 hash=0x62763e...a32939 submit=426ms readable=1613ms accepted=- OK
[attempt 044] valid=044/200 vrf_nonce=123 tx_nonce=1045 hash=0x25dbbf...237e3c submit=431ms readable=2872ms accepted=- OK
[attempt 045] valid=045/200 vrf_nonce=124 tx_nonce=1046 hash=0x694b71...0850b5 submit=512ms readable=2104ms accepted=- OK
[attempt 046] valid=046/200 vrf_nonce=125 tx_nonce=1047 hash=0x62d49a...404d88 submit=532ms readable=2127ms accepted=- OK
[attempt 047] valid=047/200 vrf_nonce=126 tx_nonce=1048 hash=0x7f1957...d186e0 submit=483ms readable=1684ms accepted=- OK
[attempt 048] valid=048/200 vrf_nonce=127 tx_nonce=1049 hash=0x73f13c...eb382f submit=427ms readable=2885ms accepted=- OK
[attempt 049] valid=049/200 vrf_nonce=128 tx_nonce=1050 hash=0x6a6567...2bfda6 submit=895ms readable=895ms accepted=- OK
[attempt 050] valid=050/200 vrf_nonce=129 tx_nonce=1051 hash=0x40a533...feb6f4 submit=502ms readable=2786ms accepted=- OK
[attempt 051] valid=051/200 vrf_nonce=130 tx_nonce=1052 hash=0x48bc63...4cc92e submit=621ms readable=2282ms accepted=- OK
[attempt 052] valid=052/200 vrf_nonce=131 tx_nonce=1053 hash=0x6ee16e...7c87cb submit=414ms readable=1685ms accepted=- OK
[attempt 053] valid=053/200 vrf_nonce=132 tx_nonce=1054 hash=0x476794...f603bd submit=496ms readable=1686ms accepted=- OK
[attempt 054] valid=054/200 vrf_nonce=133 tx_nonce=1055 hash=0x1576a7...f8540d submit=668ms readable=1794ms accepted=- OK
[attempt 055] valid=055/200 vrf_nonce=134 tx_nonce=1056 hash=0xdabb72...044e91 submit=491ms readable=2787ms accepted=- OK
[attempt 056] valid=056/200 vrf_nonce=135 tx_nonce=1057 hash=0xc79a56...e0da02 submit=421ms readable=2667ms accepted=- OK
[attempt 057] valid=057/200 vrf_nonce=136 tx_nonce=1058 hash=0x4d2d81...a9f32d submit=438ms readable=438ms accepted=- OK
[attempt 058] valid=058/200 vrf_nonce=137 tx_nonce=1059 hash=0x8f62d5...b4269c submit=509ms readable=1667ms accepted=- OK
[attempt 059] valid=059/200 vrf_nonce=138 tx_nonce=1060 hash=0x5ce095...4d77ec submit=442ms readable=4013ms accepted=- OK
[attempt 060] valid=060/200 vrf_nonce=139 tx_nonce=1061 hash=0x26b58d...eae8f4 submit=413ms readable=1674ms accepted=- OK
[attempt 061] valid=061/200 vrf_nonce=140 tx_nonce=1062 hash=0x74fb68...36b72a submit=408ms readable=1570ms accepted=- OK
[attempt 062] valid=062/200 vrf_nonce=141 tx_nonce=1063 hash=0x59b8d7...5c37a6 submit=796ms readable=2480ms accepted=- OK
[attempt 063] valid=063/200 vrf_nonce=142 tx_nonce=1064 hash=0x75b801...9e2937 submit=749ms readable=749ms accepted=- OK
[attempt 064] valid=064/200 vrf_nonce=143 tx_nonce=1065 hash=0x79d0eb...08ec8b submit=583ms readable=1849ms accepted=- OK
[attempt 065] valid=065/200 vrf_nonce=144 tx_nonce=1066 hash=0x4d1c50...b37e83 submit=419ms readable=1659ms accepted=- OK
[attempt 066] valid=066/200 vrf_nonce=145 tx_nonce=1067 hash=0x875046...c1ebf5 submit=407ms readable=1579ms accepted=- OK
[attempt 067] valid=067/200 vrf_nonce=146 tx_nonce=1068 hash=0x1a542d...d56c0d submit=843ms readable=2503ms accepted=- OK
[attempt 068] valid=068/200 vrf_nonce=147 tx_nonce=1069 hash=0x7561b2...177bb6 submit=908ms readable=2983ms accepted=- OK
[attempt 069] valid=069/200 vrf_nonce=148 tx_nonce=1070 hash=0x53a81e...3d066e submit=988ms readable=2482ms accepted=- OK
[attempt 070] valid=070/200 vrf_nonce=149 tx_nonce=1071 hash=0x7aae6b...487324 submit=879ms readable=879ms accepted=- OK
[attempt 071] valid=071/200 vrf_nonce=150 tx_nonce=1072 hash=0x72084f...1a3243 submit=568ms readable=2421ms accepted=- OK
[attempt 072] valid=072/200 vrf_nonce=151 tx_nonce=1073 hash=0x2c6bb0...6de6cb submit=803ms readable=803ms accepted=- OK
[attempt 073] valid=073/200 vrf_nonce=152 tx_nonce=1074 hash=0x785473...f8e009 submit=755ms readable=755ms accepted=- OK
[attempt 074] valid=074/200 vrf_nonce=153 tx_nonce=1075 hash=0x6e01d2...8c7b4e submit=510ms readable=510ms accepted=- OK
[attempt 075] valid=075/200 vrf_nonce=154 tx_nonce=1076 hash=0x683661...7e348e submit=543ms readable=1702ms accepted=- OK
[attempt 076] valid=076/200 vrf_nonce=155 tx_nonce=1077 hash=0x62bb13...9bf81f submit=503ms readable=1651ms accepted=- OK
[attempt 077] valid=077/200 vrf_nonce=156 tx_nonce=1078 hash=0x9bdd01...26c714 submit=430ms readable=1662ms accepted=- OK
[attempt 078] valid=078/200 vrf_nonce=157 tx_nonce=1079 hash=0x2f5561...92b136 submit=498ms readable=1635ms accepted=- OK
[attempt 079] valid=079/200 vrf_nonce=158 tx_nonce=1080 hash=0x7094a1...6ede50 submit=408ms readable=408ms accepted=- OK
[attempt 080] valid=080/200 vrf_nonce=159 tx_nonce=1081 hash=0x15b21a...7d2634 submit=415ms readable=1621ms accepted=- OK
[attempt 081] valid=081/200 vrf_nonce=160 tx_nonce=1082 hash=0x40a8aa...c38d36 submit=376ms readable=376ms accepted=- OK
[attempt 082] valid=082/200 vrf_nonce=161 tx_nonce=1083 hash=0x44c78a...6cc454 submit=419ms readable=1498ms accepted=- OK
[attempt 083] valid=083/200 vrf_nonce=162 tx_nonce=1084 hash=0x6df67f...bf8fde submit=484ms readable=1669ms accepted=- OK
[attempt 084] valid=084/200 vrf_nonce=163 tx_nonce=1085 hash=0x4001ae...9f4e7e submit=405ms readable=1524ms accepted=- OK
[attempt 085] valid=085/200 vrf_nonce=164 tx_nonce=1086 hash=0x72c93f...883b0e submit=636ms readable=2309ms accepted=- OK
[attempt 086] valid=086/200 vrf_nonce=165 tx_nonce=1087 hash=0x5b346b...d55e1f submit=635ms readable=635ms accepted=- OK
[attempt 087] valid=087/200 vrf_nonce=166 tx_nonce=1088 hash=0x1b19c8...e89bae submit=861ms readable=862ms accepted=- OK
[attempt 088] valid=088/200 vrf_nonce=167 tx_nonce=1089 hash=0x1e235e...85649d submit=617ms readable=2319ms accepted=- OK
[attempt 089] valid=089/200 vrf_nonce=168 tx_nonce=1090 hash=0x3f0b51...68ad95 submit=826ms readable=826ms accepted=- OK
[attempt 090] valid=090/200 vrf_nonce=169 tx_nonce=1091 hash=0x42c062...c6c2db submit=435ms readable=435ms accepted=- OK
[attempt 091] valid=091/200 vrf_nonce=170 tx_nonce=1092 hash=0x613c91...d4fa2b submit=837ms readable=837ms accepted=- OK
[attempt 092] valid=092/200 vrf_nonce=171 tx_nonce=1093 hash=0x1b1a2d...c9ef1d submit=621ms readable=621ms accepted=- OK
[attempt 093] valid=093/200 vrf_nonce=172 tx_nonce=1094 hash=0x39690e...e746b5 submit=1047ms readable=1047ms accepted=- OK
[attempt 094] valid=094/200 vrf_nonce=173 tx_nonce=1095 hash=0x1616fd...25d39d submit=603ms readable=2491ms accepted=- OK
[attempt 095] valid=095/200 vrf_nonce=174 tx_nonce=1096 hash=0x6b5ee1...576908 submit=942ms readable=2729ms accepted=- OK
[attempt 096] valid=096/200 vrf_nonce=175 tx_nonce=1097 hash=0x12c492...664e63 submit=619ms readable=619ms accepted=- OK
[attempt 097] valid=097/200 vrf_nonce=176 tx_nonce=1098 hash=0x23c3e7...b49634 submit=668ms readable=2333ms accepted=- OK
[attempt 098] valid=098/200 vrf_nonce=177 tx_nonce=1099 hash=0x51b3f3...7698e4 submit=1027ms readable=1027ms accepted=- OK
[attempt 099] valid=099/200 vrf_nonce=178 tx_nonce=1100 hash=0x15ae53...c9a780 submit=1028ms readable=1028ms accepted=- OK
[attempt 100] valid=100/200 vrf_nonce=179 tx_nonce=1101 hash=0x18f1b9...b2cf66 submit=1051ms readable=2940ms accepted=- OK
[attempt 101] valid=101/200 vrf_nonce=180 tx_nonce=1102 hash=0x282e75...1aeda8 submit=601ms readable=601ms accepted=- OK
[attempt 102] valid=102/200 vrf_nonce=181 tx_nonce=1103 hash=0x771722...50a3b1 submit=630ms readable=630ms accepted=- OK
[attempt 103] valid=103/200 vrf_nonce=182 tx_nonce=1104 hash=0x39b79c...292aec submit=944ms readable=944ms accepted=- OK
[attempt 104] valid=104/200 vrf_nonce=183 tx_nonce=1105 hash=0x5509e8...9b700b submit=506ms readable=506ms accepted=- OK
[attempt 105] valid=105/200 vrf_nonce=184 tx_nonce=1106 hash=0x58e494...7b1e5d submit=416ms readable=416ms accepted=- OK
[attempt 106] valid=106/200 vrf_nonce=185 tx_nonce=1107 hash=0x68b219...29654c submit=492ms readable=492ms accepted=- OK
[attempt 107] valid=107/200 vrf_nonce=186 tx_nonce=1108 hash=0x2bc6b4...712bbf submit=432ms readable=1549ms accepted=- OK
[attempt 108] valid=108/200 vrf_nonce=187 tx_nonce=1109 hash=0x55fabe...ee22ba submit=485ms readable=485ms accepted=- OK
[attempt 109] valid=109/200 vrf_nonce=188 tx_nonce=1110 hash=0x10b26e...fea76d submit=470ms readable=1681ms accepted=- OK
[attempt 110] valid=110/200 vrf_nonce=189 tx_nonce=1111 hash=0x32e0d9...7e8f4c submit=1145ms readable=3034ms accepted=- OK
[attempt 111] valid=111/200 vrf_nonce=190 tx_nonce=1112 hash=0x641c04...22a3ca submit=691ms readable=691ms accepted=- OK
[attempt 112] valid=112/200 vrf_nonce=191 tx_nonce=1113 hash=0x3d717f...4b46e2 submit=634ms readable=634ms accepted=- OK
[attempt 113] valid=113/200 vrf_nonce=192 tx_nonce=1114 hash=0x2e1bd8...a54cb4 submit=843ms readable=843ms accepted=- OK
[attempt 114] valid=114/200 vrf_nonce=193 tx_nonce=1115 hash=0x2f37e3...945b4b submit=633ms readable=633ms accepted=- OK
[attempt 115] valid=115/200 vrf_nonce=194 tx_nonce=1116 hash=0x508e9d...2cdc0c submit=472ms readable=2927ms accepted=- OK
[attempt 116] valid=116/200 vrf_nonce=195 tx_nonce=1117 hash=0x668c22...4cc3b9 submit=912ms readable=912ms accepted=- OK
[attempt 117] valid=117/200 vrf_nonce=196 tx_nonce=1118 hash=0x4dae28...ef7494 submit=515ms readable=515ms accepted=- OK
[attempt 118] valid=118/200 vrf_nonce=197 tx_nonce=1119 hash=0x14f787...cf2709 submit=496ms readable=1637ms accepted=- OK
[attempt 119] valid=119/200 vrf_nonce=198 tx_nonce=1120 hash=0x7d0a21...d9019a submit=451ms readable=2835ms accepted=- OK
[attempt 120] valid=120/200 vrf_nonce=199 tx_nonce=1121 hash=0x11d46c...110ded submit=484ms readable=2138ms accepted=- OK
[attempt 121] valid=121/200 vrf_nonce=200 tx_nonce=1122 hash=0x41e460...1a808a submit=839ms readable=839ms accepted=- OK
[attempt 122] valid=122/200 vrf_nonce=201 tx_nonce=1123 hash=0x1c6129...b6e99d submit=477ms readable=2219ms accepted=- OK
[attempt 123] valid=123/200 vrf_nonce=202 tx_nonce=1124 hash=0x2eb4ff...206cb0 submit=538ms readable=538ms accepted=- OK
[attempt 124] valid=124/200 vrf_nonce=203 tx_nonce=1125 hash=0x34dedb...2c4346 submit=550ms readable=551ms accepted=- OK
[attempt 125] valid=125/200 vrf_nonce=204 tx_nonce=1126 hash=0x2bb937...7713ec submit=457ms readable=3536ms accepted=- OK
[attempt 126] valid=126/200 vrf_nonce=205 tx_nonce=1127 hash=0x384c15...ac28f3 submit=507ms readable=1769ms accepted=- OK
[attempt 127] valid=127/200 vrf_nonce=206 tx_nonce=1128 hash=0x656596...45c39a submit=555ms readable=555ms accepted=- OK
[attempt 128] valid=128/200 vrf_nonce=207 tx_nonce=1129 hash=0x697fe5...7e230d submit=963ms readable=963ms accepted=- OK
[attempt 129] valid=129/200 vrf_nonce=208 tx_nonce=1130 hash=0x16acf1...5a24a5 submit=935ms readable=935ms accepted=- OK
[attempt 130] valid=130/200 vrf_nonce=209 tx_nonce=1131 hash=0xafe842...16caa1 submit=461ms readable=1634ms accepted=- OK
[attempt 131] valid=131/200 vrf_nonce=210 tx_nonce=1132 hash=0x18e5eb...9d300d submit=509ms readable=1645ms accepted=- OK
[attempt 132] valid=132/200 vrf_nonce=211 tx_nonce=1133 hash=0x61ad39...20c0ab submit=416ms readable=416ms accepted=- OK
[attempt 133] valid=133/200 vrf_nonce=212 tx_nonce=1134 hash=0x8477c9...29b832 submit=429ms readable=1618ms accepted=- OK
[attempt 134] valid=134/200 vrf_nonce=213 tx_nonce=1135 hash=0x640542...c8e933 submit=558ms readable=1758ms accepted=- OK
[attempt 135] valid=135/200 vrf_nonce=214 tx_nonce=1136 hash=0x2c3a1a...5accd0 submit=447ms readable=447ms accepted=- OK
[attempt 136] valid=136/200 vrf_nonce=215 tx_nonce=1137 hash=0xed8e28...50a9cf submit=493ms readable=1791ms accepted=- OK
[attempt 137] valid=137/200 vrf_nonce=216 tx_nonce=1138 hash=0x4f7ddc...109a7b submit=932ms readable=932ms accepted=- OK
[attempt 138] valid=138/200 vrf_nonce=217 tx_nonce=1139 hash=0x2438a8...cfa8c5 submit=622ms readable=1707ms accepted=- OK
[attempt 139] valid=139/200 vrf_nonce=218 tx_nonce=1140 hash=0x6b8d00...7a27f0 submit=532ms readable=2054ms accepted=- OK
[attempt 140] valid=140/200 vrf_nonce=219 tx_nonce=1141 hash=0x407f89...ea9de6 submit=760ms readable=760ms accepted=- OK
[attempt 141] valid=141/200 vrf_nonce=220 tx_nonce=1142 hash=0x768ad6...5e50b4 submit=712ms readable=712ms accepted=- OK
[attempt 142] valid=142/200 vrf_nonce=221 tx_nonce=1143 hash=0x112881...3a64a6 submit=1401ms readable=1401ms accepted=- OK
[attempt 143] valid=143/200 vrf_nonce=222 tx_nonce=1144 hash=0x1657ae...d8d62d submit=434ms readable=1666ms accepted=- OK
[attempt 144] valid=144/200 vrf_nonce=223 tx_nonce=1145 hash=0x71939c...6e6df4 submit=612ms readable=3687ms accepted=- OK
[attempt 145] valid=145/200 vrf_nonce=224 tx_nonce=1146 hash=0x146383...54e60d submit=680ms readable=2127ms accepted=- OK
[attempt 146] valid=146/200 vrf_nonce=225 tx_nonce=1147 hash=0x82c0d4...efe144 submit=463ms readable=1943ms accepted=- OK
[attempt 147] valid=147/200 vrf_nonce=226 tx_nonce=1148 hash=0x6927cb...4f6f8d submit=508ms readable=1795ms accepted=- OK
[attempt 148] valid=148/200 vrf_nonce=227 tx_nonce=1149 hash=0x74e84a...f2b0f8 submit=756ms readable=756ms accepted=- OK
[attempt 149] valid=149/200 vrf_nonce=228 tx_nonce=1150 hash=0x2bb852...2b2dad submit=922ms readable=2158ms accepted=- OK
[attempt 150] valid=150/200 vrf_nonce=229 tx_nonce=1151 hash=0x1bab70...9c9b0d submit=456ms readable=456ms accepted=- OK
[attempt 151] valid=151/200 vrf_nonce=230 tx_nonce=1152 hash=0x2f33da...df08ad submit=415ms readable=415ms accepted=- OK
[attempt 152] valid=152/200 vrf_nonce=231 tx_nonce=1153 hash=0x52bd02...3d5f94 submit=516ms readable=516ms accepted=- OK
[attempt 153] valid=153/200 vrf_nonce=232 tx_nonce=1154 hash=0x318c5a...30f604 submit=534ms readable=534ms accepted=- OK
[attempt 154] valid=154/200 vrf_nonce=233 tx_nonce=1155 hash=0x6b5210...b39e92 submit=502ms readable=1742ms accepted=- OK
[attempt 155] valid=155/200 vrf_nonce=234 tx_nonce=1156 hash=0x795618...e0cc6a submit=496ms readable=496ms accepted=- OK
[attempt 156] valid=156/200 vrf_nonce=235 tx_nonce=1157 hash=0x3ad371...852cc4 submit=462ms readable=462ms accepted=- OK
[attempt 157] valid=157/200 vrf_nonce=236 tx_nonce=1158 hash=0x2e4a26...27805f submit=453ms readable=1712ms accepted=- OK
[attempt 158] valid=158/200 vrf_nonce=237 tx_nonce=1159 hash=0x109dd3...581204 submit=447ms readable=1631ms accepted=- OK
[attempt 159] valid=159/200 vrf_nonce=238 tx_nonce=1160 hash=0x174362...5bd847 submit=574ms readable=574ms accepted=- OK
[attempt 160] valid=160/200 vrf_nonce=239 tx_nonce=1161 hash=0x40ca1f...27ad2d submit=628ms readable=628ms accepted=- OK
[attempt 161] valid=161/200 vrf_nonce=240 tx_nonce=1162 hash=0x1bef71...31f1b3 submit=444ms readable=1677ms accepted=- OK
[attempt 162] valid=162/200 vrf_nonce=241 tx_nonce=1163 hash=0x51d7db...050650 submit=441ms readable=441ms accepted=- OK
[attempt 163] valid=163/200 vrf_nonce=242 tx_nonce=1164 hash=0x7119c8...24bd0a submit=433ms readable=1746ms accepted=- OK
[attempt 164] valid=164/200 vrf_nonce=243 tx_nonce=1165 hash=0x3f86d8...77bd1b submit=597ms readable=1932ms accepted=- OK
[attempt 165] valid=165/200 vrf_nonce=244 tx_nonce=1166 hash=0x7e3f60...699f5d submit=479ms readable=1715ms accepted=- OK
[attempt 166] valid=166/200 vrf_nonce=245 tx_nonce=1167 hash=0x44d90b...6de739 submit=435ms readable=1611ms accepted=- OK
[attempt 167] valid=167/200 vrf_nonce=246 tx_nonce=1168 hash=0x54c125...b21af8 submit=950ms readable=950ms accepted=- OK
[attempt 168] valid=168/200 vrf_nonce=247 tx_nonce=1169 hash=0x5bd30a...2e6b28 submit=1026ms readable=2504ms accepted=- OK
[attempt 169] valid=169/200 vrf_nonce=248 tx_nonce=1170 hash=0x2112ae...7f9c99 submit=514ms readable=514ms accepted=- OK
[attempt 170] valid=170/200 vrf_nonce=249 tx_nonce=1171 hash=0x56592a...04ca0b submit=630ms readable=630ms accepted=- OK
[attempt 171] valid=171/200 vrf_nonce=250 tx_nonce=1172 hash=0x2ae234...00fa7a submit=424ms readable=1574ms accepted=- OK
[attempt 172] valid=172/200 vrf_nonce=251 tx_nonce=1173 hash=0x49c394...beba8d submit=425ms readable=1600ms accepted=- OK
[attempt 173] valid=173/200 vrf_nonce=252 tx_nonce=1174 hash=0x3db906...7eacb0 submit=792ms readable=2026ms accepted=- OK
[attempt 174] valid=174/200 vrf_nonce=253 tx_nonce=1175 hash=0x6d30de...40ab0a submit=508ms readable=1631ms accepted=- OK
[attempt 175] valid=175/200 vrf_nonce=254 tx_nonce=1176 hash=0x9e6898...151e45 submit=844ms readable=844ms accepted=- OK
[attempt 176] valid=176/200 vrf_nonce=255 tx_nonce=1177 hash=0x20bcdb...1b2f34 submit=696ms readable=696ms accepted=- OK
[attempt 177] valid=177/200 vrf_nonce=256 tx_nonce=1178 hash=0x55f477...c2553a submit=549ms readable=1643ms accepted=- OK
[attempt 178] valid=178/200 vrf_nonce=257 tx_nonce=1179 hash=0x6a9b3e...c71231 submit=432ms readable=432ms accepted=- OK
[attempt 179] valid=179/200 vrf_nonce=258 tx_nonce=1180 hash=0x6a9b78...eef03d submit=466ms readable=1526ms accepted=- OK
[attempt 180] valid=180/200 vrf_nonce=259 tx_nonce=1181 hash=0x283f4c...4d0586 submit=445ms readable=1623ms accepted=- OK
[attempt 181] valid=181/200 vrf_nonce=260 tx_nonce=1182 hash=0x55e6fb...0b1eea submit=452ms readable=1682ms accepted=- OK
[attempt 182] valid=182/200 vrf_nonce=261 tx_nonce=1183 hash=0x4edda6...92cf4d submit=408ms readable=1584ms accepted=- OK
[attempt 183] valid=183/200 vrf_nonce=262 tx_nonce=1184 hash=0x155a6d...a5c256 submit=428ms readable=2960ms accepted=- OK
[attempt 184] valid=184/200 vrf_nonce=263 tx_nonce=1185 hash=0x36d1cb...d918f9 submit=484ms readable=2027ms accepted=- OK
[attempt 185] valid=185/200 vrf_nonce=264 tx_nonce=1186 hash=0x20b3a0...683351 submit=472ms readable=1591ms accepted=- OK
[attempt 186] valid=186/200 vrf_nonce=265 tx_nonce=1187 hash=0x6597a0...439fa4 submit=591ms readable=1762ms accepted=- OK
[attempt 187] valid=187/200 vrf_nonce=266 tx_nonce=1188 hash=0x290249...3814ce submit=423ms readable=1591ms accepted=- OK
[attempt 188] valid=188/200 vrf_nonce=267 tx_nonce=1189 hash=0x54b5bc...bf3661 submit=457ms readable=2821ms accepted=- OK
[attempt 189] valid=189/200 vrf_nonce=268 tx_nonce=1190 hash=0x2146ab...257ec9 submit=631ms readable=1875ms accepted=- OK
[attempt 190] valid=190/200 vrf_nonce=269 tx_nonce=1191 hash=0x436d1f...287087 submit=439ms readable=1638ms accepted=- OK
[attempt 191] valid=191/200 vrf_nonce=270 tx_nonce=1192 hash=0x427a5c...21824a submit=547ms readable=1747ms accepted=- OK
[attempt 192] valid=192/200 vrf_nonce=271 tx_nonce=1193 hash=0x5ba73e...63608c submit=430ms readable=1580ms accepted=- OK
[attempt 193] valid=193/200 vrf_nonce=272 tx_nonce=1194 hash=0x6d8c09...564c11 submit=555ms readable=555ms accepted=- OK
[attempt 194] valid=194/200 vrf_nonce=273 tx_nonce=1195 hash=0x26b126...3151aa submit=810ms readable=810ms accepted=- OK
[attempt 195] valid=195/200 vrf_nonce=274 tx_nonce=1196 hash=0x7a0cf5...e0232a submit=836ms readable=836ms accepted=- OK
[attempt 196] valid=196/200 vrf_nonce=275 tx_nonce=1197 hash=0x15bf2b...7f2026 submit=489ms readable=1531ms accepted=- OK
[attempt 197] valid=197/200 vrf_nonce=276 tx_nonce=1198 hash=0x2c5545...a4b80b submit=436ms readable=436ms accepted=- OK
[attempt 198] valid=198/200 vrf_nonce=277 tx_nonce=1199 hash=0x65bcc6...57a813 submit=562ms readable=2117ms accepted=- OK
[attempt 199] valid=199/200 vrf_nonce=278 tx_nonce=1200 hash=0x778cff...b08e8f submit=423ms readable=1874ms accepted=- OK
[attempt 200] valid=200/200 vrf_nonce=279 tx_nonce=1201 hash=0x1840a1...c44208 submit=425ms readable=1630ms accepted=- OK

Raw data: benchmarks/rpc-preconfirm-20260829-204104.jsonl
Válidos: 200
Fallidos: 0
Interrumpido: no
Señales de resultado legible observadas:
  Benchmark.get_counter() readable at pre_confirmed: 200

A. submit -> result_readable:
  N:    200
  min:  376 ms
  p50:  1596 ms
  p90:  2669 ms
  p95:  2887 ms
  p99:  3538 ms
  max:  4013 ms
  mean: 1449 ms

B. submit -> ACCEPTED_ON_L2: sin datos

Go/No-Go primario: YELLOW (p50=1596 ms, p95=2887 ms)
